{
  "schemaVersion": 1,
  "taskId": "P3.3",
  "commitSha": "82d076b349fea95e24856e5f84386b0ff16ba89a",
  "branch": "main",
  "startedAt": "2026-09-09T04:25:06.624Z",
  "finishedAt": "2026-09-09T04:26:01.695Z",
  "status": "PASS",
  "commands": [
    {
      "name": "typecheck",
      "command": "npm run typecheck",
      "exitCode": 0,
      "stdout": "\n> vite-react-typescript-starter@0.0.0 typecheck\n> tsc --noEmit -p tsconfig.app.json\n\n",
      "stderr": ""
    },
    {
      "name": "test",
      "command": "npm run test",
      "exitCode": 0,
      "stdout": "\n> vite-react-typescript-starter@0.0.0 test\n> vitest run\n\n\n RUN  v4.1.11 /vercel/share/v0-project\n\n\n Test Files  48 passed (48)\n      Tests  552 passed (552)\n   Start at  04:25:13\n   Duration  16.17s (transform 2.51s, setup 5.45s, import 6.50s, tests 15.58s, environment 13.22s)\n\n",
      "stderr": ""
    },
    {
      "name": "build",
      "command": "npm run build",
      "exitCode": 0,
      "stdout": "\n> vite-react-typescript-starter@0.0.0 build\n> vite build\n\nvite v5.4.8 building for production...\ntransforming...\n✓ 1700 modules transformed.\nrendering chunks...\ncomputing gzip size...\ndist/index.html                   0.72 kB │ gzip:   0.40 kB\ndist/assets/index-C405YytJ.css   20.97 kB │ gzip:   4.74 kB\ndist/assets/index-BluInhlt.js   537.67 kB │ gzip: 127.44 kB\n✓ built in 3.88s\n",
      "stderr": "Browserslist: caniuse-lite is outdated. Please run:\n  npx update-browserslist-db@latest\n  Why you should do it regularly: https://github.com/browserslist/update-db#readme\n\n(!) Some chunks are larger than 500 kB after minification. Consider:\n- Using dynamic import() to code-split the application\n- Use build.rollupOptions.output.manualChunks to improve chunking: https://rollupjs.org/configuration-options/#output-manualchunks\n- Adjust chunk size limit for this warning via build.chunkSizeWarningLimit.\n"
    },
    {
      "name": "verify:imports",
      "command": "npm run verify:imports",
      "exitCode": 0,
      "stdout": "\n> vite-react-typescript-starter@0.0.0 verify:imports\n> node scripts/check-dangling-imports.mjs\n\nDangling import check PASSED (all relative imports resolve).\n",
      "stderr": ""
    },
    {
      "name": "verify:locked",
      "command": "npm run verify:locked",
      "exitCode": 0,
      "stdout": "\n> vite-react-typescript-starter@0.0.0 verify:locked\n> node scripts/verify-locked-areas.mjs\n\nLocked-area guard PASSED (5 changed path(s) inspected).\n",
      "stderr": ""
    },
    {
      "name": "verify:ai",
      "command": "npm run verify:ai",
      "exitCode": 0,
      "stdout": "\n> vite-react-typescript-starter@0.0.0 verify:ai\n> node scripts/verify-ai-state.mjs\n\nAI state validation PASSED (17 docs checked, 0 warning(s)).\n",
      "stderr": ""
    },
    {
      "name": "verify",
      "command": "npm run verify",
      "exitCode": 0,
      "stdout": "\n> vite-react-typescript-starter@0.0.0 verify\n> npm run typecheck && npm run test && npm run build && npm run verify:imports && npm run verify:locked && npm run verify:ai\n\n\n> vite-react-typescript-starter@0.0.0 typecheck\n> tsc --noEmit -p tsconfig.app.json\n\n\n> vite-react-typescript-starter@0.0.0 test\n> vitest run\n\n\n RUN  v4.1.11 /vercel/share/v0-project\n\n\n Test Files  48 passed (48)\n      Tests  552 passed (552)\n   Start at  04:25:40\n   Duration  16.30s (transform 2.37s, setup 5.66s, import 6.22s, tests 15.59s, environment 13.21s)\n\n\n> vite-react-typescript-starter@0.0.0 build\n> vite build\n\nvite v5.4.8 building for production...\ntransforming...\n✓ 1700 modules transformed.\nrendering chunks...\ncomputing gzip size...\ndist/index.html                   0.72 kB │ gzip:   0.40 kB\ndist/assets/index-C405YytJ.css   20.97 kB │ gzip:   4.74 kB\ndist/assets/index-BluInhlt.js   537.67 kB │ gzip: 127.44 kB\n✓ built in 3.86s\n\n> vite-react-typescript-starter@0.0.0 verify:imports\n> node scripts/check-dangling-imports.mjs\n\nDangling import check PASSED (all relative imports resolve).\n\n> vite-react-typescript-starter@0.0.0 verify:locked\n> node scripts/verify-locked-areas.mjs\n\nLocked-area guard PASSED (5 changed path(s) inspected).\n\n> vite-react-typescript-starter@0.0.0 verify:ai\n> node scripts/verify-ai-state.mjs\n\nAI state validation PASSED (17 docs checked, 0 warning(s)).\n",
      "stderr": "Browserslist: caniuse-lite is outdated. Please run:\n  npx update-browserslist-db@latest\n  Why you should do it regularly: https://github.com/browserslist/update-db#readme\n\n(!) Some chunks are larger than 500 kB after minification. Consider:\n- Using dynamic import() to code-split the application\n- Use build.rollupOptions.output.manualChunks to improve chunking: https://rollupjs.org/configuration-options/#output-manualchunks\n- Adjust chunk size limit for this warning via build.chunkSizeWarningLimit.\n"
    }
  ]
}
