{
  "schemaVersion": 1,
  "taskId": "P3.4",
  "commitSha": "d13d3e15c266bb498be7a1f55fce6f4866814f31",
  "branch": "v0/p3.4-git-freshness",
  "startedAt": "2026-09-09T05:25:54.993Z",
  "finishedAt": "2026-09-09T05:26:37.809Z",
  "status": "PASS",
  "commands": [
    {
      "name": "typecheck",
      "command": "npm run typecheck",
      "exitCode": 0,
      "stdout": "\n> vite-react-typescript-starter@0.0.0 typecheck\n> tsc --noEmit -p tsconfig.app.json\n\n",
      "stderr": ""
    },
    {
      "name": "test",
      "command": "npm run test",
      "exitCode": 0,
      "stdout": "\n> vite-react-typescript-starter@0.0.0 test\n> vitest run\n\n\n RUN  v4.1.11 /vercel/share/v0-project\n\n\n Test Files  49 passed (49)\n      Tests  559 passed (559)\n   Start at  05:25:59\n   Duration  13.59s (transform 2.04s, setup 4.57s, import 5.53s, tests 12.80s, environment 11.07s)\n\n",
      "stderr": ""
    },
    {
      "name": "build",
      "command": "npm run build",
      "exitCode": 0,
      "stdout": "\n> vite-react-typescript-starter@0.0.0 build\n> vite build\n\nvite v5.4.8 building for production...\ntransforming...\n✓ 1700 modules transformed.\nrendering chunks...\ncomputing gzip size...\ndist/index.html                   0.72 kB │ gzip:   0.40 kB\ndist/assets/index-C405YytJ.css   20.97 kB │ gzip:   4.74 kB\ndist/assets/index-BluInhlt.js   537.67 kB │ gzip: 127.44 kB\n✓ built in 2.88s\n",
      "stderr": "Browserslist: caniuse-lite is outdated. Please run:\n  npx update-browserslist-db@latest\n  Why you should do it regularly: https://github.com/browserslist/update-db#readme\n\n(!) Some chunks are larger than 500 kB after minification. Consider:\n- Using dynamic import() to code-split the application\n- Use build.rollupOptions.output.manualChunks to improve chunking: https://rollupjs.org/configuration-options/#output-manualchunks\n- Adjust chunk size limit for this warning via build.chunkSizeWarningLimit.\n"
    },
    {
      "name": "verify:imports",
      "command": "npm run verify:imports",
      "exitCode": 0,
      "stdout": "\n> vite-react-typescript-starter@0.0.0 verify:imports\n> node scripts/check-dangling-imports.mjs\n\nDangling import check PASSED (all relative imports resolve).\n",
      "stderr": ""
    },
    {
      "name": "verify:locked",
      "command": "npm run verify:locked",
      "exitCode": 0,
      "stdout": "\n> vite-react-typescript-starter@0.0.0 verify:locked\n> node scripts/verify-locked-areas.mjs\n\nLocked-area guard PASSED (3 changed path(s) inspected).\n",
      "stderr": ""
    },
    {
      "name": "verify:ai",
      "command": "npm run verify:ai",
      "exitCode": 0,
      "stdout": "\n> vite-react-typescript-starter@0.0.0 verify:ai\n> node scripts/verify-ai-state.mjs\n\nAI state validation PASSED (17 docs checked, 0 warning(s)).\n",
      "stderr": ""
    },
    {
      "name": "verify",
      "command": "npm run verify",
      "exitCode": 0,
      "stdout": "\n> vite-react-typescript-starter@0.0.0 verify\n> npm run typecheck && npm run test && npm run build && npm run verify:imports && npm run verify:locked && npm run verify:ai\n\n\n> vite-react-typescript-starter@0.0.0 typecheck\n> tsc --noEmit -p tsconfig.app.json\n\n\n> vite-react-typescript-starter@0.0.0 test\n> vitest run\n\n\n RUN  v4.1.11 /vercel/share/v0-project\n\n\n Test Files  49 passed (49)\n      Tests  559 passed (559)\n   Start at  05:26:21\n   Duration  12.73s (transform 2.07s, setup 4.42s, import 5.20s, tests 12.32s, environment 10.06s)\n\n\n> vite-react-typescript-starter@0.0.0 build\n> vite build\n\nvite v5.4.8 building for production...\ntransforming...\n✓ 1700 modules transformed.\nrendering chunks...\ncomputing gzip size...\ndist/index.html                   0.72 kB │ gzip:   0.40 kB\ndist/assets/index-C405YytJ.css   20.97 kB │ gzip:   4.74 kB\ndist/assets/index-BluInhlt.js   537.67 kB │ gzip: 127.44 kB\n✓ built in 2.67s\n\n> vite-react-typescript-starter@0.0.0 verify:imports\n> node scripts/check-dangling-imports.mjs\n\nDangling import check PASSED (all relative imports resolve).\n\n> vite-react-typescript-starter@0.0.0 verify:locked\n> node scripts/verify-locked-areas.mjs\n\nLocked-area guard PASSED (3 changed path(s) inspected).\n\n> vite-react-typescript-starter@0.0.0 verify:ai\n> node scripts/verify-ai-state.mjs\n\nAI state validation PASSED (17 docs checked, 0 warning(s)).\n",
      "stderr": "Browserslist: caniuse-lite is outdated. Please run:\n  npx update-browserslist-db@latest\n  Why you should do it regularly: https://github.com/browserslist/update-db#readme\n\n(!) Some chunks are larger than 500 kB after minification. Consider:\n- Using dynamic import() to code-split the application\n- Use build.rollupOptions.output.manualChunks to improve chunking: https://rollupjs.org/configuration-options/#output-manualchunks\n- Adjust chunk size limit for this warning via build.chunkSizeWarningLimit.\n"
    }
  ]
}
