{
  "schemaVersion": 1,
  "taskId": "P3.7",
  "commitSha": "431a7aac964b1f94233f69300f6e9c03979f6326",
  "branch": "v0/p3-7-continuity-hardening",
  "startedAt": "2026-09-09T15:17:11.355Z",
  "finishedAt": "2026-09-09T15:17:55.299Z",
  "status": "FAIL",
  "commands": [
    {
      "name": "typecheck",
      "command": "npm run typecheck",
      "exitCode": 0,
      "stdout": "\n> vite-react-typescript-starter@0.0.0 typecheck\n> tsc --noEmit -p tsconfig.app.json\n\n",
      "stderr": ""
    },
    {
      "name": "test",
      "command": "npm run test",
      "exitCode": 0,
      "stdout": "\n> vite-react-typescript-starter@0.0.0 test\n> vitest run\n\n\n RUN  v4.1.11 /vercel/share/v0-project\n\n\n Test Files  50 passed (50)\n      Tests  568 passed (568)\n   Start at  15:17:15\n   Duration  13.04s (transform 1.95s, setup 4.55s, import 5.01s, tests 12.50s, environment 10.42s)\n\n",
      "stderr": ""
    },
    {
      "name": "build",
      "command": "npm run build",
      "exitCode": 0,
      "stdout": "\n> vite-react-typescript-starter@0.0.0 build\n> vite build\n\nvite v5.4.8 building for production...\ntransforming...\n✓ 1700 modules transformed.\nrendering chunks...\ncomputing gzip size...\ndist/index.html                   0.72 kB │ gzip:   0.40 kB\ndist/assets/index-C405YytJ.css   20.97 kB │ gzip:   4.74 kB\ndist/assets/index-BluInhlt.js   537.67 kB │ gzip: 127.44 kB\n✓ built in 2.86s\n",
      "stderr": "Browserslist: caniuse-lite is outdated. Please run:\n  npx update-browserslist-db@latest\n  Why you should do it regularly: https://github.com/browserslist/update-db#readme\n\n(!) Some chunks are larger than 500 kB after minification. Consider:\n- Using dynamic import() to code-split the application\n- Use build.rollupOptions.output.manualChunks to improve chunking: https://rollupjs.org/configuration-options/#output-manualchunks\n- Adjust chunk size limit for this warning via build.chunkSizeWarningLimit.\n"
    },
    {
      "name": "verify:imports",
      "command": "npm run verify:imports",
      "exitCode": 0,
      "stdout": "\n> vite-react-typescript-starter@0.0.0 verify:imports\n> node scripts/check-dangling-imports.mjs\n\nDangling import check PASSED (all relative imports resolve).\n",
      "stderr": ""
    },
    {
      "name": "verify:locked",
      "command": "npm run verify:locked",
      "exitCode": 0,
      "stdout": "\n> vite-react-typescript-starter@0.0.0 verify:locked\n> node scripts/verify-locked-areas.mjs\n\nLocked-area guard PASSED (3 changed path(s) inspected).\n",
      "stderr": ""
    },
    {
      "name": "verify:git-freshness",
      "command": "npm run verify:git-freshness",
      "exitCode": 0,
      "stdout": "\n> vite-react-typescript-starter@0.0.0 verify:git-freshness\n> node scripts/git-freshness.mjs\n\n{\n  \"state\": \"FRESH\",\n  \"safe\": true,\n  \"reason\": \"Feature branch is based on current origin/main.\",\n  \"branch\": \"v0/p3-7-continuity-hardening\",\n  \"head\": \"431a7aac964b1f94233f69300f6e9c03979f6326\",\n  \"originMain\": \"812f0c83aef45b956df6272147268b6ee165e40a\",\n  \"mergeBase\": \"812f0c83aef45b956df6272147268b6ee165e40a\",\n  \"fetched\": true\n}\n",
      "stderr": ""
    },
    {
      "name": "verify:ai",
      "command": "npm run verify:ai",
      "exitCode": 1,
      "stdout": "\n> vite-react-typescript-starter@0.0.0 verify:ai\n> node scripts/verify-ai-state.mjs\n\n",
      "stderr": "FAIL Handoff archive task identity does not match P3.7.\n\nAI state validation FAILED with 1 error(s).\n"
    },
    {
      "name": "verify",
      "command": "npm run verify",
      "exitCode": 1,
      "stdout": "\n> vite-react-typescript-starter@0.0.0 verify\n> npm run typecheck && npm run test && npm run build && npm run verify:imports && npm run verify:locked && npm run verify:git-freshness && npm run verify:ai\n\n\n> vite-react-typescript-starter@0.0.0 typecheck\n> tsc --noEmit -p tsconfig.app.json\n\n\n> vite-react-typescript-starter@0.0.0 test\n> vitest run\n\n\n RUN  v4.1.11 /vercel/share/v0-project\n\n\n Test Files  50 passed (50)\n      Tests  568 passed (568)\n   Start at  15:17:37\n   Duration  13.26s (transform 1.90s, setup 4.72s, import 5.10s, tests 12.60s, environment 10.61s)\n\n\n> vite-react-typescript-starter@0.0.0 build\n> vite build\n\nvite v5.4.8 building for production...\ntransforming...\n✓ 1700 modules transformed.\nrendering chunks...\ncomputing gzip size...\ndist/index.html                   0.72 kB │ gzip:   0.40 kB\ndist/assets/index-C405YytJ.css   20.97 kB │ gzip:   4.74 kB\ndist/assets/index-BluInhlt.js   537.67 kB │ gzip: 127.44 kB\n✓ built in 2.77s\n\n> vite-react-typescript-starter@0.0.0 verify:imports\n> node scripts/check-dangling-imports.mjs\n\nDangling import check PASSED (all relative imports resolve).\n\n> vite-react-typescript-starter@0.0.0 verify:locked\n> node scripts/verify-locked-areas.mjs\n\nLocked-area guard PASSED (3 changed path(s) inspected).\n\n> vite-react-typescript-starter@0.0.0 verify:git-freshness\n> node scripts/git-freshness.mjs\n\n{\n  \"state\": \"FRESH\",\n  \"safe\": true,\n  \"reason\": \"Feature branch is based on current origin/main.\",\n  \"branch\": \"v0/p3-7-continuity-hardening\",\n  \"head\": \"431a7aac964b1f94233f69300f6e9c03979f6326\",\n  \"originMain\": \"812f0c83aef45b956df6272147268b6ee165e40a\",\n  \"mergeBase\": \"812f0c83aef45b956df6272147268b6ee165e40a\",\n  \"fetched\": true\n}\n\n> vite-react-typescript-starter@0.0.0 verify:ai\n> node scripts/verify-ai-state.mjs\n\n",
      "stderr": "Browserslist: caniuse-lite is outdated. Please run:\n  npx update-browserslist-db@latest\n  Why you should do it regularly: https://github.com/browserslist/update-db#readme\n\n(!) Some chunks are larger than 500 kB after minification. Consider:\n- Using dynamic import() to code-split the application\n- Use build.rollupOptions.output.manualChunks to improve chunking: https://rollupjs.org/configuration-options/#output-manualchunks\n- Adjust chunk size limit for this warning via build.chunkSizeWarningLimit.\nFAIL Handoff archive task identity does not match P3.7.\n\nAI state validation FAILED with 1 error(s).\n"
    }
  ]
}
