{
  "schemaVersion": 1,
  "taskId": "P5.6a",
  "commitSha": "fe38fb807237f57f16a52620723dc45794140814",
  "branch": "v0/p5-6-purchases",
  "startedAt": "2026-09-18T20:12:47.740Z",
  "finishedAt": "2026-09-18T20:15:04.077Z",
  "status": "PASS",
  "commands": [
    {
      "name": "typecheck",
      "command": "npm run typecheck",
      "exitCode": 0,
      "stdout": "\n> vite-react-typescript-starter@0.0.0 typecheck\n> tsc --noEmit -p tsconfig.app.json\n\n",
      "stderr": ""
    },
    {
      "name": "test",
      "command": "npm run test",
      "exitCode": 0,
      "stdout": "\n> vite-react-typescript-starter@0.0.0 test\n> vitest run\n\n\n RUN  v4.1.11 /workspaces/biz-flow\n\n\n Test Files  60 passed (60)\n      Tests  603 passed (603)\n   Start at  20:12:56\n   Duration  50.65s (transform 1.84s, setup 6.82s, import 5.54s, tests 15.06s, environment 14.08s)\n\n",
      "stderr": ""
    },
    {
      "name": "build",
      "command": "npm run build",
      "exitCode": 0,
      "stdout": "\n> vite-react-typescript-starter@0.0.0 build\n> vite build\n\nvite v5.4.8 building for production...\ntransforming...\n✓ 1711 modules transformed.\nrendering chunks...\ncomputing gzip size...\ndist/manifest.webmanifest                          0.70 kB\ndist/index.html                                    1.26 kB │ gzip:   0.55 kB\ndist/assets/index-DdDVG0rM.css                    22.50 kB │ gzip:   4.99 kB\ndist/assets/workbox-window.prod.es5-BqEJf4Xk.js    5.71 kB │ gzip:   2.34 kB\ndist/assets/index-CmybhVQT.js                    554.27 kB │ gzip: 130.61 kB\n✓ built in 4.69s\n\nPWA v1.3.0\nmode      generateSW\nprecache  15 entries (788.54 KiB)\nfiles generated\n  dist/sw.js\n  dist/workbox-9c191d2f.js\n",
      "stderr": "\n(!) Some chunks are larger than 500 kB after minification. Consider:\n- Using dynamic import() to code-split the application\n- Use build.rollupOptions.output.manualChunks to improve chunking: https://rollupjs.org/configuration-options/#output-manualchunks\n- Adjust chunk size limit for this warning via build.chunkSizeWarningLimit.\n"
    },
    {
      "name": "verify:imports",
      "command": "npm run verify:imports",
      "exitCode": 0,
      "stdout": "\n> vite-react-typescript-starter@0.0.0 verify:imports\n> node scripts/check-dangling-imports.mjs\n\nDangling import check PASSED (all relative imports resolve).\n",
      "stderr": ""
    },
    {
      "name": "verify:locked",
      "command": "npm run verify:locked",
      "exitCode": 0,
      "stdout": "\n> vite-react-typescript-starter@0.0.0 verify:locked\n> node scripts/verify-locked-areas.mjs\n\nLocked-area guard PASSED (26 changed path(s) inspected).\n",
      "stderr": ""
    },
    {
      "name": "verify:git-freshness",
      "command": "npm run verify:git-freshness",
      "exitCode": 0,
      "stdout": "\n> vite-react-typescript-starter@0.0.0 verify:git-freshness\n> node scripts/git-freshness.mjs\n\n{\n  \"state\": \"FRESH\",\n  \"safe\": true,\n  \"reason\": \"Feature branch is based on current origin/main.\",\n  \"branch\": \"v0/p5-6-purchases\",\n  \"head\": \"fe38fb807237f57f16a52620723dc45794140814\",\n  \"originMain\": \"ae6ed5eb089ed484b52cb19f06bf672f09175acf\",\n  \"mergeBase\": \"ae6ed5eb089ed484b52cb19f06bf672f09175acf\",\n  \"fetched\": true\n}\n",
      "stderr": ""
    },
    {
      "name": "verify:ai",
      "command": "npm run verify:ai",
      "exitCode": 0,
      "stdout": "\n> vite-react-typescript-starter@0.0.0 verify:ai\n> node scripts/verify-ai-state.mjs\n\nAI state validation PASSED (17 docs checked, 0 warning(s)).\n",
      "stderr": ""
    },
    {
      "name": "verify",
      "command": "npm run verify",
      "exitCode": 0,
      "stdout": "\n> vite-react-typescript-starter@0.0.0 verify\n> npm run typecheck && npm run test && npm run build && npm run verify:imports && npm run verify:locked && npm run verify:git-freshness && npm run verify:ai\n\n\n> vite-react-typescript-starter@0.0.0 typecheck\n> tsc --noEmit -p tsconfig.app.json\n\n\n> vite-react-typescript-starter@0.0.0 test\n> vitest run\n\n\n RUN  v4.1.11 /workspaces/biz-flow\n\n\n Test Files  60 passed (60)\n      Tests  603 passed (603)\n   Start at  20:14:05\n   Duration  49.24s (transform 1.67s, setup 6.98s, import 5.63s, tests 14.92s, environment 12.74s)\n\n\n> vite-react-typescript-starter@0.0.0 build\n> vite build\n\nvite v5.4.8 building for production...\ntransforming...\n✓ 1711 modules transformed.\nrendering chunks...\ncomputing gzip size...\ndist/manifest.webmanifest                          0.70 kB\ndist/index.html                                    1.26 kB │ gzip:   0.55 kB\ndist/assets/index-DdDVG0rM.css                    22.50 kB │ gzip:   4.99 kB\ndist/assets/workbox-window.prod.es5-BqEJf4Xk.js    5.71 kB │ gzip:   2.34 kB\ndist/assets/index-CmybhVQT.js                    554.27 kB │ gzip: 130.61 kB\n✓ built in 4.78s\n\nPWA v1.3.0\nmode      generateSW\nprecache  15 entries (788.54 KiB)\nfiles generated\n  dist/sw.js\n  dist/workbox-9c191d2f.js\n\n> vite-react-typescript-starter@0.0.0 verify:imports\n> node scripts/check-dangling-imports.mjs\n\nDangling import check PASSED (all relative imports resolve).\n\n> vite-react-typescript-starter@0.0.0 verify:locked\n> node scripts/verify-locked-areas.mjs\n\nLocked-area guard PASSED (26 changed path(s) inspected).\n\n> vite-react-typescript-starter@0.0.0 verify:git-freshness\n> node scripts/git-freshness.mjs\n\n{\n  \"state\": \"FRESH\",\n  \"safe\": true,\n  \"reason\": \"Feature branch is based on current origin/main.\",\n  \"branch\": \"v0/p5-6-purchases\",\n  \"head\": \"fe38fb807237f57f16a52620723dc45794140814\",\n  \"originMain\": \"ae6ed5eb089ed484b52cb19f06bf672f09175acf\",\n  \"mergeBase\": \"ae6ed5eb089ed484b52cb19f06bf672f09175acf\",\n  \"fetched\": true\n}\n\n> vite-react-typescript-starter@0.0.0 verify:ai\n> node scripts/verify-ai-state.mjs\n\nAI state validation PASSED (17 docs checked, 0 warning(s)).\n",
      "stderr": "\n(!) Some chunks are larger than 500 kB after minification. Consider:\n- Using dynamic import() to code-split the application\n- Use build.rollupOptions.output.manualChunks to improve chunking: https://rollupjs.org/configuration-options/#output-manualchunks\n- Adjust chunk size limit for this warning via build.chunkSizeWarningLimit.\n"
    }
  ]
}
