{
  "schemaVersion": 1,
  "taskId": "P5.6b",
  "commitSha": "b77eff3fc5973cd1145c1640c110eeb48a44508e",
  "branch": "main",
  "startedAt": "2026-10-01T09:16:00.948Z",
  "finishedAt": "2026-10-01T09:18:16.589Z",
  "status": "PASS",
  "commands": [
    {
      "name": "typecheck",
      "command": "npm run typecheck",
      "exitCode": 0,
      "stdout": "\n> vite-react-typescript-starter@0.0.0 typecheck\n> tsc --noEmit -p tsconfig.app.json\n\n",
      "stderr": ""
    },
    {
      "name": "test",
      "command": "npm run test",
      "exitCode": 0,
      "stdout": "\n> vite-react-typescript-starter@0.0.0 test\n> vitest run\n\n\n RUN  v4.1.11 /workspaces/biz-flow\n\n\n Test Files  62 passed (62)\n      Tests  610 passed (610)\n   Start at  09:16:08\n   Duration  50.85s (transform 1.79s, setup 6.81s, import 5.78s, tests 15.27s, environment 13.44s)\n\n",
      "stderr": ""
    },
    {
      "name": "build",
      "command": "npm run build",
      "exitCode": 0,
      "stdout": "\n> vite-react-typescript-starter@0.0.0 build\n> vite build\n\nvite v5.4.8 building for production...\ntransforming...\n✓ 1719 modules transformed.\nrendering chunks...\ncomputing gzip size...\ndist/manifest.webmanifest                          0.70 kB\ndist/index.html                                    1.26 kB │ gzip:   0.56 kB\ndist/assets/index-BLcD9rDW.css                    22.77 kB │ gzip:   5.07 kB\ndist/assets/workbox-window.prod.es5-BqEJf4Xk.js    5.71 kB │ gzip:   2.34 kB\ndist/assets/index-DAlP_k8I.js                    576.93 kB │ gzip: 133.97 kB\n✓ built in 4.83s\n\nPWA v1.3.0\nmode      generateSW\nprecache  15 entries (810.95 KiB)\nfiles generated\n  dist/sw.js\n  dist/workbox-9c191d2f.js\n",
      "stderr": "\n(!) Some chunks are larger than 500 kB after minification. Consider:\n- Using dynamic import() to code-split the application\n- Use build.rollupOptions.output.manualChunks to improve chunking: https://rollupjs.org/configuration-options/#output-manualchunks\n- Adjust chunk size limit for this warning via build.chunkSizeWarningLimit.\n"
    },
    {
      "name": "verify:imports",
      "command": "npm run verify:imports",
      "exitCode": 0,
      "stdout": "\n> vite-react-typescript-starter@0.0.0 verify:imports\n> node scripts/check-dangling-imports.mjs\n\nDangling import check PASSED (all relative imports resolve).\n",
      "stderr": ""
    },
    {
      "name": "verify:locked",
      "command": "npm run verify:locked",
      "exitCode": 0,
      "stdout": "\n> vite-react-typescript-starter@0.0.0 verify:locked\n> node scripts/verify-locked-areas.mjs\n\nLocked-area guard PASSED (0 changed path(s) inspected).\n",
      "stderr": ""
    },
    {
      "name": "verify:git-freshness",
      "command": "npm run verify:git-freshness",
      "exitCode": 0,
      "stdout": "\n> vite-react-typescript-starter@0.0.0 verify:git-freshness\n> node scripts/git-freshness.mjs\n\n{\n  \"state\": \"FRESH\",\n  \"safe\": true,\n  \"reason\": \"HEAD matches origin/main.\",\n  \"branch\": \"main\",\n  \"head\": \"b77eff3fc5973cd1145c1640c110eeb48a44508e\",\n  \"originMain\": \"b77eff3fc5973cd1145c1640c110eeb48a44508e\",\n  \"mergeBase\": \"b77eff3fc5973cd1145c1640c110eeb48a44508e\",\n  \"fetched\": true\n}\n",
      "stderr": ""
    },
    {
      "name": "verify:ai",
      "command": "npm run verify:ai",
      "exitCode": 0,
      "stdout": "\n> vite-react-typescript-starter@0.0.0 verify:ai\n> node scripts/verify-ai-state.mjs\n\nAI state validation PASSED (17 docs checked, 0 warning(s)).\n",
      "stderr": ""
    },
    {
      "name": "verify",
      "command": "npm run verify",
      "exitCode": 0,
      "stdout": "\n> vite-react-typescript-starter@0.0.0 verify\n> npm run typecheck && npm run test && npm run build && npm run verify:imports && npm run verify:locked && npm run verify:git-freshness && npm run verify:ai\n\n\n> vite-react-typescript-starter@0.0.0 typecheck\n> tsc --noEmit -p tsconfig.app.json\n\n\n> vite-react-typescript-starter@0.0.0 test\n> vitest run\n\n\n RUN  v4.1.11 /workspaces/biz-flow\n\n\n Test Files  62 passed (62)\n      Tests  610 passed (610)\n   Start at  09:17:16\n   Duration  50.80s (transform 1.87s, setup 7.00s, import 5.76s, tests 15.40s, environment 13.39s)\n\n\n> vite-react-typescript-starter@0.0.0 build\n> vite build\n\nvite v5.4.8 building for production...\ntransforming...\n✓ 1719 modules transformed.\nrendering chunks...\ncomputing gzip size...\ndist/manifest.webmanifest                          0.70 kB\ndist/index.html                                    1.26 kB │ gzip:   0.56 kB\ndist/assets/index-BLcD9rDW.css                    22.77 kB │ gzip:   5.07 kB\ndist/assets/workbox-window.prod.es5-BqEJf4Xk.js    5.71 kB │ gzip:   2.34 kB\ndist/assets/index-DAlP_k8I.js                    576.93 kB │ gzip: 133.97 kB\n✓ built in 4.88s\n\nPWA v1.3.0\nmode      generateSW\nprecache  15 entries (810.95 KiB)\nfiles generated\n  dist/sw.js\n  dist/workbox-9c191d2f.js\n\n> vite-react-typescript-starter@0.0.0 verify:imports\n> node scripts/check-dangling-imports.mjs\n\nDangling import check PASSED (all relative imports resolve).\n\n> vite-react-typescript-starter@0.0.0 verify:locked\n> node scripts/verify-locked-areas.mjs\n\nLocked-area guard PASSED (0 changed path(s) inspected).\n\n> vite-react-typescript-starter@0.0.0 verify:git-freshness\n> node scripts/git-freshness.mjs\n\n{\n  \"state\": \"FRESH\",\n  \"safe\": true,\n  \"reason\": \"HEAD matches origin/main.\",\n  \"branch\": \"main\",\n  \"head\": \"b77eff3fc5973cd1145c1640c110eeb48a44508e\",\n  \"originMain\": \"b77eff3fc5973cd1145c1640c110eeb48a44508e\",\n  \"mergeBase\": \"b77eff3fc5973cd1145c1640c110eeb48a44508e\",\n  \"fetched\": true\n}\n\n> vite-react-typescript-starter@0.0.0 verify:ai\n> node scripts/verify-ai-state.mjs\n\nAI state validation PASSED (17 docs checked, 0 warning(s)).\n",
      "stderr": "\n(!) Some chunks are larger than 500 kB after minification. Consider:\n- Using dynamic import() to code-split the application\n- Use build.rollupOptions.output.manualChunks to improve chunking: https://rollupjs.org/configuration-options/#output-manualchunks\n- Adjust chunk size limit for this warning via build.chunkSizeWarningLimit.\n"
    }
  ]
}
