{
  "schemaVersion": 1,
  "taskId": "P5.6b",
  "commitSha": "b315665c23ecc202e256e5487cc71945e98d1d97",
  "branch": "v0/p5-6-purchases",
  "startedAt": "2026-09-18T19:53:48.645Z",
  "finishedAt": "2026-09-18T19:55:58.253Z",
  "status": "FAIL",
  "commands": [
    {
      "name": "typecheck",
      "command": "npm run typecheck",
      "exitCode": 0,
      "stdout": "\n> vite-react-typescript-starter@0.0.0 typecheck\n> tsc --noEmit -p tsconfig.app.json\n\n",
      "stderr": ""
    },
    {
      "name": "test",
      "command": "npm run test",
      "exitCode": 0,
      "stdout": "\n> vite-react-typescript-starter@0.0.0 test\n> vitest run\n\n\n RUN  v4.1.11 /workspaces/biz-flow\n\n\n Test Files  60 passed (60)\n      Tests  603 passed (603)\n   Start at  19:53:56\n   Duration  48.67s (transform 1.62s, setup 6.53s, import 5.14s, tests 15.25s, environment 12.84s)\n\n",
      "stderr": ""
    },
    {
      "name": "build",
      "command": "npm run build",
      "exitCode": 0,
      "stdout": "\n> vite-react-typescript-starter@0.0.0 build\n> vite build\n\nvite v5.4.8 building for production...\ntransforming...\n✓ 1711 modules transformed.\nrendering chunks...\ncomputing gzip size...\ndist/manifest.webmanifest                          0.70 kB\ndist/index.html                                    1.26 kB │ gzip:   0.55 kB\ndist/assets/index-DdDVG0rM.css                    22.50 kB │ gzip:   4.99 kB\ndist/assets/workbox-window.prod.es5-BqEJf4Xk.js    5.71 kB │ gzip:   2.34 kB\ndist/assets/index-CmybhVQT.js                    554.27 kB │ gzip: 130.61 kB\n✓ built in 4.43s\n\nPWA v1.3.0\nmode      generateSW\nprecache  15 entries (788.54 KiB)\nfiles generated\n  dist/sw.js\n  dist/workbox-9c191d2f.js\n",
      "stderr": "\n(!) Some chunks are larger than 500 kB after minification. Consider:\n- Using dynamic import() to code-split the application\n- Use build.rollupOptions.output.manualChunks to improve chunking: https://rollupjs.org/configuration-options/#output-manualchunks\n- Adjust chunk size limit for this warning via build.chunkSizeWarningLimit.\n"
    },
    {
      "name": "verify:imports",
      "command": "npm run verify:imports",
      "exitCode": 0,
      "stdout": "\n> vite-react-typescript-starter@0.0.0 verify:imports\n> node scripts/check-dangling-imports.mjs\n\nDangling import check PASSED (all relative imports resolve).\n",
      "stderr": ""
    },
    {
      "name": "verify:locked",
      "command": "npm run verify:locked",
      "exitCode": 1,
      "stdout": "\n> vite-react-typescript-starter@0.0.0 verify:locked\n> node scripts/verify-locked-areas.mjs\n\n",
      "stderr": "FAIL src/db/database.ts is PROTECTED and currentTask.lockedFileOverrideReason is missing\nFAIL src/types/domain/index.ts is PROTECTED and currentTask.lockedFileOverrideReason is missing\nFAIL src/types/repositories/dataBackupRepository.ts is PROTECTED and currentTask.lockedFileOverrideReason is missing\nFAIL src/types/repositories/index.ts is PROTECTED and currentTask.lockedFileOverrideReason is missing\n"
    },
    {
      "name": "verify:git-freshness",
      "command": "npm run verify:git-freshness",
      "exitCode": 1,
      "stdout": "\n> vite-react-typescript-starter@0.0.0 verify:git-freshness\n> node scripts/git-freshness.mjs\n\n{\n  \"state\": \"DIRTY\",\n  \"safe\": false,\n  \"reason\": \"The working tree contains uncommitted changes.\",\n  \"branch\": \"v0/p5-6-purchases\",\n  \"head\": \"b315665c23ecc202e256e5487cc71945e98d1d97\",\n  \"originMain\": \"ae6ed5eb089ed484b52cb19f06bf672f09175acf\",\n  \"mergeBase\": \"ae6ed5eb089ed484b52cb19f06bf672f09175acf\",\n  \"fetched\": true\n}\n",
      "stderr": ""
    },
    {
      "name": "verify:ai",
      "command": "npm run verify:ai",
      "exitCode": 1,
      "stdout": "\n> vite-react-typescript-starter@0.0.0 verify:ai\n> node scripts/verify-ai-state.mjs\n\n",
      "stderr": "FAIL Git freshness DIRTY: The working tree contains uncommitted changes.\n\nAI state validation FAILED with 1 error(s).\n"
    },
    {
      "name": "verify",
      "command": "npm run verify",
      "exitCode": 1,
      "stdout": "\n> vite-react-typescript-starter@0.0.0 verify\n> npm run typecheck && npm run test && npm run build && npm run verify:imports && npm run verify:locked && npm run verify:git-freshness && npm run verify:ai\n\n\n> vite-react-typescript-starter@0.0.0 typecheck\n> tsc --noEmit -p tsconfig.app.json\n\n\n> vite-react-typescript-starter@0.0.0 test\n> vitest run\n\n\n RUN  v4.1.11 /workspaces/biz-flow\n\n\n Test Files  60 passed (60)\n      Tests  603 passed (603)\n   Start at  19:55:01\n   Duration  48.96s (transform 1.68s, setup 6.70s, import 5.49s, tests 14.75s, environment 13.17s)\n\n\n> vite-react-typescript-starter@0.0.0 build\n> vite build\n\nvite v5.4.8 building for production...\ntransforming...\n✓ 1711 modules transformed.\nrendering chunks...\ncomputing gzip size...\ndist/manifest.webmanifest                          0.70 kB\ndist/index.html                                    1.26 kB │ gzip:   0.55 kB\ndist/assets/index-DdDVG0rM.css                    22.50 kB │ gzip:   4.99 kB\ndist/assets/workbox-window.prod.es5-BqEJf4Xk.js    5.71 kB │ gzip:   2.34 kB\ndist/assets/index-CmybhVQT.js                    554.27 kB │ gzip: 130.61 kB\n✓ built in 4.81s\n\nPWA v1.3.0\nmode      generateSW\nprecache  15 entries (788.54 KiB)\nfiles generated\n  dist/sw.js\n  dist/workbox-9c191d2f.js\n\n> vite-react-typescript-starter@0.0.0 verify:imports\n> node scripts/check-dangling-imports.mjs\n\nDangling import check PASSED (all relative imports resolve).\n\n> vite-react-typescript-starter@0.0.0 verify:locked\n> node scripts/verify-locked-areas.mjs\n\n",
      "stderr": "\n(!) Some chunks are larger than 500 kB after minification. Consider:\n- Using dynamic import() to code-split the application\n- Use build.rollupOptions.output.manualChunks to improve chunking: https://rollupjs.org/configuration-options/#output-manualchunks\n- Adjust chunk size limit for this warning via build.chunkSizeWarningLimit.\nFAIL src/db/database.ts is PROTECTED and currentTask.lockedFileOverrideReason is missing\nFAIL src/types/domain/index.ts is PROTECTED and currentTask.lockedFileOverrideReason is missing\nFAIL src/types/repositories/dataBackupRepository.ts is PROTECTED and currentTask.lockedFileOverrideReason is missing\nFAIL src/types/repositories/index.ts is PROTECTED and currentTask.lockedFileOverrideReason is missing\n"
    }
  ]
}
